#: Show Details
label-objekttitel: flach begrüntes Grundstück
label-objektart: Grundstück
label-objekttyp: Wohnen
label-vermarktungsart: Kauf
label-plz: 52078
label-ort: Aachen
label-objektnr_extern: AP001
label-grundstuecksflaeche: ca. 5.400 m²
label-kaufpreis: 80.000,00 €
label-objektbeschreibung: große Freifläche
label-lage: Das Grundstück liegt am Waldrand und ist über einen geteerten Feldweg erreichbar.
label-ausstatt_beschr: teilweise mit einer alten Mauer aus Findlingen umgeben
label-sonstige_angaben: Vereinbaren Sie noch heute einen Besichtigungstermin
